{"timestamp":"2026-06-22T00:40:42.713866204Z","event":"mlir_emit","details":{"event":"integer","multiplicity":"1","prime_index":42}}
{"timestamp":"2026-06-22T00:40:42.714548812Z","event":"compilation","details":{"num_ops":1,"output_length":26,"proof_hash":"no-proof","source_size":3}}
{"timestamp":"2026-06-22T00:43:00.038151795Z","event":"mlir_emit","details":{"event":"integer","multiplicity":"1","prime_index":42}}
{"timestamp":"2026-06-22T00:43:00.039428314Z","event":"compilation","details":{"num_ops":1,"output_length":26,"proof_hash":"no-proof","source_size":3}}
{"timestamp":"2026-06-22T00:43:18.213383293Z","event":"mlir_emit","details":{"event":"integer","multiplicity":"1","prime_index":2}}
{"timestamp":"2026-06-22T00:43:18.213469465Z","event":"mlir_emit","details":{"event":"integer","multiplicity":"1","prime_index":3}}
{"timestamp":"2026-06-22T00:43:18.213523826Z","event":"mlir_emit","details":{"combined_prime":8,"event":"binary","multiplicity":"8","status":"VALIDATED"}}
{"timestamp":"2026-06-22T00:43:18.214118248Z","event":"compilation","details":{"num_ops":1,"output_length":26,"proof_hash":"no-proof","source_size":10}}
{"timestamp":"2026-06-22T20:17:06.219176837Z","event":"mlir_emit","details":{"event":"atom","multiplicity":"1","prime_index":2}}
{"timestamp":"2026-06-22T20:17:06.219719479Z","event":"mlir_emit","details":{"event":"integer","multiplicity":"1","prime_index":3}}
{"timestamp":"2026-06-22T20:17:06.219810854Z","event":"mlir_emit","details":{"combined_prime":8,"event":"binary","multiplicity":"8","status":"VALIDATED"}}
{"timestamp":"2026-06-22T20:17:06.252060612Z","event":"compilation","details":{"num_ops":1,"output_length":121,"proof_hash":"no-proof","proof_required":false,"proof_status":"skipped","source_size":9}}
{"timestamp":"2026-06-22T20:17:06.552530155Z","event":"mlir_emit","details":{"event":"atom","multiplicity":"1","prime_index":2}}
{"timestamp":"2026-06-22T20:17:06.552617723Z","event":"mlir_emit","details":{"event":"integer","multiplicity":"1","prime_index":3}}
{"timestamp":"2026-06-22T20:17:06.552674949Z","event":"mlir_emit","details":{"combined_prime":8,"event":"binary","multiplicity":"8","status":"VALIDATED"}}
{"timestamp":"2026-06-22T20:34:12.016070119Z","event":"mlir_emit","details":{"event":"atom","multiplicity":"1","prime_index":2}}
{"timestamp":"2026-06-22T20:34:12.016260439Z","event":"mlir_emit","details":{"event":"integer","multiplicity":"1","prime_index":3}}
{"timestamp":"2026-06-22T20:34:12.016311215Z","event":"mlir_emit","details":{"combined_prime":8,"event":"binary","multiplicity":"8","status":"VALIDATED"}}
{"timestamp":"2026-06-22T20:34:12.038945696Z","event":"compilation","details":{"num_ops":1,"output_length":121,"proof_hash":"no-proof","proof_required":false,"proof_status":"skipped","source_size":9}}
{"timestamp":"2026-06-22T20:34:12.406225470Z","event":"mlir_emit","details":{"event":"atom","multiplicity":"1","prime_index":2}}
{"timestamp":"2026-06-22T20:34:12.406353361Z","event":"mlir_emit","details":{"event":"integer","multiplicity":"1","prime_index":3}}
{"timestamp":"2026-06-22T20:34:12.406417226Z","event":"mlir_emit","details":{"combined_prime":8,"event":"binary","multiplicity":"8","status":"VALIDATED"}}
{"timestamp":"2026-06-22T20:34:42.248352144Z","event":"mlir_emit","details":{"event":"atom","multiplicity":"1","prime_index":2}}
{"timestamp":"2026-06-22T20:34:42.248443403Z","event":"mlir_emit","details":{"event":"integer","multiplicity":"1","prime_index":3}}
{"timestamp":"2026-06-22T20:34:42.248497898Z","event":"mlir_emit","details":{"combined_prime":8,"event":"binary","multiplicity":"8","status":"VALIDATED"}}
{"timestamp":"2026-06-22T20:34:42.249294483Z","event":"compilation","details":{"num_ops":1,"output_length":121,"proof_hash":"no-proof","proof_required":false,"proof_status":"skipped","source_size":9}}
{"timestamp":"2026-06-22T20:34:42.969927667Z","event":"mlir_emit","details":{"event":"atom","multiplicity":"1","prime_index":2}}
{"timestamp":"2026-06-22T20:34:42.970012013Z","event":"mlir_emit","details":{"event":"integer","multiplicity":"1","prime_index":3}}
{"timestamp":"2026-06-22T20:34:42.970067917Z","event":"mlir_emit","details":{"combined_prime":8,"event":"binary","multiplicity":"8","status":"VALIDATED"}}
{"timestamp":"2026-06-22T20:34:43.065613773Z","event":"mlir_emit","details":{"event":"atom","multiplicity":"1","prime_index":2}}
{"timestamp":"2026-06-22T20:34:43.065719660Z","event":"mlir_emit","details":{"event":"integer","multiplicity":"1","prime_index":3}}
{"timestamp":"2026-06-22T20:34:43.065782473Z","event":"mlir_emit","details":{"combined_prime":8,"event":"binary","multiplicity":"8","status":"VALIDATED"}}
{"timestamp":"2026-06-22T20:36:19.074355566Z","event":"mlir_emit","details":{"event":"atom","multiplicity":"1","prime_index":2}}
{"timestamp":"2026-06-22T20:36:19.074492515Z","event":"mlir_emit","details":{"event":"integer","multiplicity":"1","prime_index":3}}
{"timestamp":"2026-06-22T20:36:19.074562287Z","event":"mlir_emit","details":{"combined_prime":8,"event":"binary","multiplicity":"8","status":"VALIDATED"}}
{"timestamp":"2026-06-22T20:36:19.075432688Z","event":"compilation","details":{"num_ops":1,"output_length":121,"proof_hash":"no-proof","proof_required":false,"proof_status":"skipped","source_size":9}}
{"timestamp":"2026-06-22T20:36:19.953737586Z","event":"mlir_emit","details":{"event":"atom","multiplicity":"1","prime_index":2}}
{"timestamp":"2026-06-22T20:36:19.953836011Z","event":"mlir_emit","details":{"event":"integer","multiplicity":"1","prime_index":3}}
{"timestamp":"2026-06-22T20:36:19.953898727Z","event":"mlir_emit","details":{"combined_prime":8,"event":"binary","multiplicity":"8","status":"VALIDATED"}}
{"timestamp":"2026-06-22T20:36:20.143539913Z","event":"mlir_emit","details":{"event":"atom","multiplicity":"1","prime_index":2}}
{"timestamp":"2026-06-22T20:36:20.143626538Z","event":"mlir_emit","details":{"event":"integer","multiplicity":"1","prime_index":3}}
{"timestamp":"2026-06-22T20:36:20.143682661Z","event":"mlir_emit","details":{"combined_prime":8,"event":"binary","multiplicity":"8","status":"VALIDATED"}}
{"timestamp":"2026-06-22T20:42:01.009234425Z","event":"mlir_emit","details":{"event":"atom","multiplicity":"1","prime_index":2}}
{"timestamp":"2026-06-22T20:42:01.009326428Z","event":"mlir_emit","details":{"event":"integer","multiplicity":"1","prime_index":3}}
{"timestamp":"2026-06-22T20:42:01.009369202Z","event":"mlir_emit","details":{"combined_prime":8,"event":"binary","multiplicity":"8","status":"VALIDATED"}}
{"timestamp":"2026-06-22T20:42:01.010037230Z","event":"compilation","details":{"num_ops":1,"output_length":121,"proof_hash":"no-proof","proof_required":false,"proof_status":"skipped","source_size":9}}
{"timestamp":"2026-06-22T20:42:01.231794732Z","event":"mlir_emit","details":{"event":"atom","multiplicity":"1","prime_index":2}}
{"timestamp":"2026-06-22T20:42:01.231882336Z","event":"mlir_emit","details":{"event":"integer","multiplicity":"1","prime_index":3}}
{"timestamp":"2026-06-22T20:42:01.231924815Z","event":"mlir_emit","details":{"combined_prime":8,"event":"binary","multiplicity":"8","status":"VALIDATED"}}
{"timestamp":"2026-06-22T20:42:01.993569050Z","event":"mlir_emit","details":{"event":"atom","multiplicity":"1","prime_index":2}}
{"timestamp":"2026-06-22T20:42:01.993659588Z","event":"mlir_emit","details":{"event":"integer","multiplicity":"1","prime_index":3}}
{"timestamp":"2026-06-22T20:42:01.993709382Z","event":"mlir_emit","details":{"combined_prime":8,"event":"binary","multiplicity":"8","status":"VALIDATED"}}
{"timestamp":"2026-06-22T20:42:02.656659772Z","event":"compilation","details":{"num_ops":1,"output_length":121,"proof_hash":"a12b7cb43c9d9134b5bb1b35e9096b66775d9e92e7611d1cc92b02edd6782a87","proof_required":true,"proof_status":"verified","source_size":9}}
{"timestamp":"2026-06-22T20:53:36.064207164Z","event":"mlir_emit","details":{"event":"atom","multiplicity":"1","prime_index":2}}
{"timestamp":"2026-06-22T20:53:36.064302918Z","event":"mlir_emit","details":{"event":"integer","multiplicity":"1","prime_index":3}}
{"timestamp":"2026-06-22T20:53:36.064367409Z","event":"mlir_emit","details":{"combined_prime":8,"event":"binary","multiplicity":"8","status":"VALIDATED"}}
{"timestamp":"2026-06-22T20:53:36.065144511Z","event":"compilation","details":{"num_ops":1,"output_length":121,"proof_hash":"no-proof","proof_required":false,"proof_status":"skipped","source_size":9}}
{"timestamp":"2026-06-22T20:53:36.290653238Z","event":"mlir_emit","details":{"event":"atom","multiplicity":"1","prime_index":2}}
{"timestamp":"2026-06-22T20:53:36.290750518Z","event":"mlir_emit","details":{"event":"integer","multiplicity":"1","prime_index":3}}
{"timestamp":"2026-06-22T20:53:36.290807826Z","event":"mlir_emit","details":{"combined_prime":8,"event":"binary","multiplicity":"8","status":"VALIDATED"}}
{"timestamp":"2026-06-22T20:53:37.006411213Z","event":"mlir_emit","details":{"event":"atom","multiplicity":"1","prime_index":2}}
{"timestamp":"2026-06-22T20:53:37.006496484Z","event":"mlir_emit","details":{"event":"integer","multiplicity":"1","prime_index":3}}
{"timestamp":"2026-06-22T20:53:37.006538814Z","event":"mlir_emit","details":{"combined_prime":8,"event":"binary","multiplicity":"8","status":"VALIDATED"}}
{"timestamp":"2026-06-22T20:53:37.488095523Z","event":"compilation","details":{"num_ops":1,"output_length":121,"proof_hash":"a12b7cb43c9d9134b5bb1b35e9096b66775d9e92e7611d1cc92b02edd6782a87","proof_required":true,"proof_status":"verified","source_size":9}}
{"timestamp":"2026-06-22T21:00:59.592666876Z","event":"mlir_emit","details":{"event":"atom","multiplicity":"1","prime_index":2}}
{"timestamp":"2026-06-22T21:00:59.592759804Z","event":"mlir_emit","details":{"event":"integer","multiplicity":"1","prime_index":3}}
{"timestamp":"2026-06-22T21:00:59.592821888Z","event":"mlir_emit","details":{"combined_prime":8,"event":"binary","multiplicity":"8","status":"VALIDATED"}}
{"timestamp":"2026-06-22T21:00:59.593610899Z","event":"compilation","details":{"num_ops":1,"output_length":121,"proof_hash":"no-proof","proof_required":false,"proof_status":"skipped","source_size":9}}
{"timestamp":"2026-06-22T21:00:59.841736337Z","event":"mlir_emit","details":{"event":"atom","multiplicity":"1","prime_index":2}}
{"timestamp":"2026-06-22T21:00:59.841829802Z","event":"mlir_emit","details":{"event":"integer","multiplicity":"1","prime_index":3}}
{"timestamp":"2026-06-22T21:00:59.841889776Z","event":"mlir_emit","details":{"combined_prime":8,"event":"binary","multiplicity":"8","status":"VALIDATED"}}
{"timestamp":"2026-06-22T21:01:00.584879495Z","event":"mlir_emit","details":{"event":"atom","multiplicity":"1","prime_index":2}}
{"timestamp":"2026-06-22T21:01:00.584967029Z","event":"mlir_emit","details":{"event":"integer","multiplicity":"1","prime_index":3}}
{"timestamp":"2026-06-22T21:01:00.585027229Z","event":"mlir_emit","details":{"combined_prime":8,"event":"binary","multiplicity":"8","status":"VALIDATED"}}
{"timestamp":"2026-06-22T21:01:00.988180624Z","event":"compilation","details":{"num_ops":1,"output_length":121,"proof_hash":"a12b7cb43c9d9134b5bb1b35e9096b66775d9e92e7611d1cc92b02edd6782a87","proof_required":true,"proof_status":"verified","source_size":9}}
{"timestamp":"2026-06-22T21:03:20.450374573Z","event":"mlir_emit","details":{"event":"atom","multiplicity":"1","prime_index":2}}
{"timestamp":"2026-06-22T21:03:20.450469333Z","event":"mlir_emit","details":{"event":"integer","multiplicity":"1","prime_index":3}}
{"timestamp":"2026-06-22T21:03:20.450527125Z","event":"mlir_emit","details":{"combined_prime":8,"event":"binary","multiplicity":"8","status":"VALIDATED"}}
{"timestamp":"2026-06-22T21:03:20.451323928Z","event":"compilation","details":{"num_ops":1,"output_length":121,"proof_hash":"no-proof","proof_required":false,"proof_status":"skipped","source_size":9}}
{"timestamp":"2026-06-22T21:03:20.775662399Z","event":"mlir_emit","details":{"event":"atom","multiplicity":"1","prime_index":2}}
{"timestamp":"2026-06-22T21:03:20.775755638Z","event":"mlir_emit","details":{"event":"integer","multiplicity":"1","prime_index":3}}
{"timestamp":"2026-06-22T21:03:20.775815873Z","event":"mlir_emit","details":{"combined_prime":8,"event":"binary","multiplicity":"8","status":"VALIDATED"}}
{"timestamp":"2026-06-22T21:03:21.435903893Z","event":"mlir_emit","details":{"event":"atom","multiplicity":"1","prime_index":2}}
{"timestamp":"2026-06-22T21:03:21.436012782Z","event":"mlir_emit","details":{"event":"integer","multiplicity":"1","prime_index":3}}
{"timestamp":"2026-06-22T21:03:21.436097073Z","event":"mlir_emit","details":{"combined_prime":8,"event":"binary","multiplicity":"8","status":"VALIDATED"}}
{"timestamp":"2026-06-22T21:03:21.830586695Z","event":"compilation","details":{"num_ops":1,"output_length":121,"proof_hash":"a12b7cb43c9d9134b5bb1b35e9096b66775d9e92e7611d1cc92b02edd6782a87","proof_required":true,"proof_status":"verified","source_size":9}}
{"timestamp":"2026-06-22T21:08:07.016198949Z","event":"mlir_emit","details":{"event":"atom","multiplicity":"1","prime_index":2}}
{"timestamp":"2026-06-22T21:08:07.016305771Z","event":"mlir_emit","details":{"event":"integer","multiplicity":"1","prime_index":3}}
{"timestamp":"2026-06-22T21:08:07.016374080Z","event":"mlir_emit","details":{"combined_prime":8,"event":"binary","multiplicity":"8","status":"VALIDATED"}}
{"timestamp":"2026-06-22T21:08:07.017209456Z","event":"compilation","details":{"num_ops":1,"output_length":121,"proof_hash":"no-proof","proof_required":false,"proof_status":"skipped","source_size":9}}
{"timestamp":"2026-06-22T21:08:07.264995531Z","event":"mlir_emit","details":{"event":"atom","multiplicity":"1","prime_index":2}}
{"timestamp":"2026-06-22T21:08:07.265071866Z","event":"mlir_emit","details":{"event":"integer","multiplicity":"1","prime_index":3}}
{"timestamp":"2026-06-22T21:08:07.265111275Z","event":"mlir_emit","details":{"combined_prime":8,"event":"binary","multiplicity":"8","status":"VALIDATED"}}
{"timestamp":"2026-06-22T21:08:07.979288696Z","event":"mlir_emit","details":{"event":"atom","multiplicity":"1","prime_index":2}}
{"timestamp":"2026-06-22T21:08:07.979388053Z","event":"mlir_emit","details":{"event":"integer","multiplicity":"1","prime_index":3}}
{"timestamp":"2026-06-22T21:08:07.979452764Z","event":"mlir_emit","details":{"combined_prime":8,"event":"binary","multiplicity":"8","status":"VALIDATED"}}
{"timestamp":"2026-06-22T21:08:08.631398545Z","event":"compilation","details":{"num_ops":1,"output_length":121,"proof_hash":"a12b7cb43c9d9134b5bb1b35e9096b66775d9e92e7611d1cc92b02edd6782a87","proof_required":true,"proof_status":"verified","source_size":9}}
{"timestamp":"2026-06-22T21:14:38.565282124Z","event":"mlir_emit","details":{"event":"atom","multiplicity":"1","prime_index":2}}
{"timestamp":"2026-06-22T21:14:38.565395579Z","event":"mlir_emit","details":{"event":"integer","multiplicity":"1","prime_index":3}}
{"timestamp":"2026-06-22T21:14:38.565459134Z","event":"mlir_emit","details":{"combined_prime":8,"event":"binary","multiplicity":"8","status":"VALIDATED"}}
{"timestamp":"2026-06-22T21:14:38.566402956Z","event":"compilation","details":{"num_ops":1,"output_length":121,"proof_hash":"no-proof","proof_required":false,"proof_status":"skipped","source_size":9}}
{"timestamp":"2026-06-22T21:14:39.000575893Z","event":"mlir_emit","details":{"event":"atom","multiplicity":"1","prime_index":2}}
{"timestamp":"2026-06-22T21:14:39.000688916Z","event":"mlir_emit","details":{"event":"integer","multiplicity":"1","prime_index":3}}
{"timestamp":"2026-06-22T21:14:39.000759024Z","event":"mlir_emit","details":{"combined_prime":8,"event":"binary","multiplicity":"8","status":"VALIDATED"}}
{"timestamp":"2026-06-22T21:14:40.622625207Z","event":"mlir_emit","details":{"event":"atom","multiplicity":"1","prime_index":2}}
{"timestamp":"2026-06-22T21:14:40.622747461Z","event":"mlir_emit","details":{"event":"integer","multiplicity":"1","prime_index":3}}
{"timestamp":"2026-06-22T21:14:40.622832830Z","event":"mlir_emit","details":{"combined_prime":8,"event":"binary","multiplicity":"8","status":"VALIDATED"}}
{"timestamp":"2026-06-22T21:14:41.618073547Z","event":"compilation","details":{"num_ops":1,"output_length":121,"proof_hash":"a12b7cb43c9d9134b5bb1b35e9096b66775d9e92e7611d1cc92b02edd6782a87","proof_required":true,"proof_status":"verified","source_size":9}}
{"timestamp":"2026-06-22T21:20:06.840855609Z","event":"mlir_emit","details":{"event":"atom","multiplicity":"1","prime_index":2}}
{"timestamp":"2026-06-22T21:20:06.841615967Z","event":"mlir_emit","details":{"event":"integer","multiplicity":"1","prime_index":3}}
{"timestamp":"2026-06-22T21:20:06.841698843Z","event":"mlir_emit","details":{"combined_prime":8,"event":"binary","multiplicity":"8","status":"VALIDATED"}}
{"timestamp":"2026-06-22T21:20:06.842401255Z","event":"compilation","details":{"num_ops":1,"output_length":121,"proof_hash":"no-proof","proof_required":false,"proof_status":"skipped","source_size":9}}
{"timestamp":"2026-06-22T21:20:07.099050279Z","event":"mlir_emit","details":{"event":"atom","multiplicity":"1","prime_index":2}}
{"timestamp":"2026-06-22T21:20:07.099138875Z","event":"mlir_emit","details":{"event":"integer","multiplicity":"1","prime_index":3}}
{"timestamp":"2026-06-22T21:20:07.099216731Z","event":"mlir_emit","details":{"combined_prime":8,"event":"binary","multiplicity":"8","status":"VALIDATED"}}
{"timestamp":"2026-06-22T21:20:07.813427448Z","event":"mlir_emit","details":{"event":"atom","multiplicity":"1","prime_index":2}}
{"timestamp":"2026-06-22T21:20:07.813517450Z","event":"mlir_emit","details":{"event":"integer","multiplicity":"1","prime_index":3}}
{"timestamp":"2026-06-22T21:20:07.813576366Z","event":"mlir_emit","details":{"combined_prime":8,"event":"binary","multiplicity":"8","status":"VALIDATED"}}
{"timestamp":"2026-06-22T21:20:08.443472083Z","event":"compilation","details":{"num_ops":1,"output_length":121,"proof_hash":"a12b7cb43c9d9134b5bb1b35e9096b66775d9e92e7611d1cc92b02edd6782a87","proof_required":true,"proof_status":"verified","source_size":9}}
{"timestamp":"2026-06-22T21:42:30.981503898Z","event":"mlir_emit","details":{"event":"atom","multiplicity":"1","prime_index":2}}
{"timestamp":"2026-06-22T21:42:30.983214962Z","event":"mlir_emit","details":{"event":"integer","multiplicity":"1","prime_index":3}}
{"timestamp":"2026-06-22T21:42:30.983314865Z","event":"mlir_emit","details":{"combined_prime":8,"event":"binary","multiplicity":"8","status":"VALIDATED"}}
{"timestamp":"2026-06-22T21:42:31.087812382Z","event":"compilation","details":{"num_ops":1,"output_length":121,"proof_hash":"no-proof","proof_required":false,"proof_status":"skipped","source_size":9}}
{"timestamp":"2026-06-22T21:42:31.824635228Z","event":"mlir_emit","details":{"event":"atom","multiplicity":"1","prime_index":2}}
{"timestamp":"2026-06-22T21:42:31.824770534Z","event":"mlir_emit","details":{"event":"integer","multiplicity":"1","prime_index":3}}
{"timestamp":"2026-06-22T21:42:31.824832153Z","event":"mlir_emit","details":{"combined_prime":8,"event":"binary","multiplicity":"8","status":"VALIDATED"}}
{"timestamp":"2026-06-22T21:42:35.401996371Z","event":"mlir_emit","details":{"event":"atom","multiplicity":"1","prime_index":2}}
{"timestamp":"2026-06-22T21:42:35.402087665Z","event":"mlir_emit","details":{"event":"integer","multiplicity":"1","prime_index":3}}
{"timestamp":"2026-06-22T21:42:35.402147425Z","event":"mlir_emit","details":{"combined_prime":8,"event":"binary","multiplicity":"8","status":"VALIDATED"}}
{"timestamp":"2026-06-22T21:42:36.069969564Z","event":"compilation","details":{"num_ops":1,"output_length":121,"proof_hash":"a12b7cb43c9d9134b5bb1b35e9096b66775d9e92e7611d1cc92b02edd6782a87","proof_required":true,"proof_status":"verified","source_size":9}}
{"timestamp":"2026-06-22T21:43:42.059257543Z","event":"mlir_emit","details":{"event":"atom","multiplicity":"1","prime_index":2}}
{"timestamp":"2026-06-22T21:43:42.059395460Z","event":"mlir_emit","details":{"event":"integer","multiplicity":"1","prime_index":3}}
{"timestamp":"2026-06-22T21:43:42.059458575Z","event":"mlir_emit","details":{"combined_prime":8,"event":"binary","multiplicity":"8","status":"VALIDATED"}}
{"timestamp":"2026-06-22T21:43:42.060327022Z","event":"compilation","details":{"num_ops":1,"output_length":121,"proof_hash":"no-proof","proof_required":false,"proof_status":"skipped","source_size":9}}
{"timestamp":"2026-06-22T21:43:42.339402018Z","event":"mlir_emit","details":{"event":"atom","multiplicity":"1","prime_index":2}}
{"timestamp":"2026-06-22T21:43:42.339503400Z","event":"mlir_emit","details":{"event":"integer","multiplicity":"1","prime_index":3}}
{"timestamp":"2026-06-22T21:43:42.339576181Z","event":"mlir_emit","details":{"combined_prime":8,"event":"binary","multiplicity":"8","status":"VALIDATED"}}
{"timestamp":"2026-06-22T21:43:43.265745328Z","event":"mlir_emit","details":{"event":"atom","multiplicity":"1","prime_index":2}}
{"timestamp":"2026-06-22T21:43:43.265829340Z","event":"mlir_emit","details":{"event":"integer","multiplicity":"1","prime_index":3}}
{"timestamp":"2026-06-22T21:43:43.265873953Z","event":"mlir_emit","details":{"combined_prime":8,"event":"binary","multiplicity":"8","status":"VALIDATED"}}
{"timestamp":"2026-06-22T21:43:43.751118632Z","event":"compilation","details":{"num_ops":1,"output_length":121,"proof_hash":"a12b7cb43c9d9134b5bb1b35e9096b66775d9e92e7611d1cc92b02edd6782a87","proof_required":true,"proof_status":"verified","source_size":9}}
{"timestamp":"2026-06-22T22:31:45.476842331Z","event":"mlir_emit","details":{"event":"atom","multiplicity":"1","prime_index":2}}
{"timestamp":"2026-06-22T22:31:45.482233022Z","event":"mlir_emit","details":{"event":"integer","multiplicity":"1","prime_index":3}}
{"timestamp":"2026-06-22T22:31:45.482455497Z","event":"mlir_emit","details":{"combined_prime":8,"event":"binary","multiplicity":"8","status":"VALIDATED"}}
{"timestamp":"2026-06-22T22:31:45.701307230Z","event":"compilation","details":{"num_ops":1,"output_length":121,"proof_hash":"no-proof","proof_required":false,"proof_status":"skipped","source_size":9}}
{"timestamp":"2026-06-22T22:31:48.776076956Z","event":"mlir_emit","details":{"event":"atom","multiplicity":"1","prime_index":2}}
{"timestamp":"2026-06-22T22:31:48.776285693Z","event":"mlir_emit","details":{"event":"integer","multiplicity":"1","prime_index":3}}
{"timestamp":"2026-06-22T22:31:48.776349715Z","event":"mlir_emit","details":{"combined_prime":8,"event":"binary","multiplicity":"8","status":"VALIDATED"}}
{"timestamp":"2026-06-22T22:31:58.414389812Z","event":"mlir_emit","details":{"event":"atom","multiplicity":"1","prime_index":2}}
{"timestamp":"2026-06-22T22:31:58.414478938Z","event":"mlir_emit","details":{"event":"integer","multiplicity":"1","prime_index":3}}
{"timestamp":"2026-06-22T22:31:58.414535381Z","event":"mlir_emit","details":{"combined_prime":8,"event":"binary","multiplicity":"8","status":"VALIDATED"}}
{"timestamp":"2026-06-22T22:31:59.466704745Z","event":"compilation","details":{"num_ops":1,"output_length":121,"proof_hash":"a12b7cb43c9d9134b5bb1b35e9096b66775d9e92e7611d1cc92b02edd6782a87","proof_required":true,"proof_status":"verified","source_size":9}}
{"details":{"event":"atom","multiplicity":"1","prime_index":2},"event":"mlir_emit","timestamp":"2026-06-25T15:54:04.349924910+00:00"}{"details":{"event":"integer","multiplicity":"1","prime_index":42},"event":"mlir_emit","timestamp":"2026-06-25T15:54:04.350223079+00:00"}
{"details":{"num_ops":1,"source_size":2},"event":"compilation","timestamp":"2026-06-25T15:54:04.353860526+00:00"}

{"details":{"event":"integer","multiplicity":"1","prime_index":3},"event":"mlir_emit","timestamp":"2026-06-25T15:54:04.354124724+00:00"}
{"details":{"combined_prime":8,"event":"binary","multiplicity":"8","status":"VALIDATED"},"event":"mlir_emit","timestamp":"2026-06-25T15:54:04.354215585+00:00"}
{"details":{"num_ops":1,"source_size":9},"event":"compilation","timestamp":"2026-06-25T15:54:04.354297776+00:00"}
{"details":{"event":"integer","multiplicity":"1","prime_index":42},"event":"mlir_emit","timestamp":"2026-06-25T15:54:04.350624450+00:00"}
{"details":{"num_ops":1,"source_size":2},"event":"compilation","timestamp":"2026-06-25T15:54:04.354489894+00:00"}
{"details":{"event":"atom","multiplicity":"1","prime_index":2},"event":"mlir_emit","timestamp":"2026-06-25T16:01:33.061365026+00:00"}
{"details":{"event":"integer","multiplicity":"1","prime_index":3},"event":"mlir_emit","timestamp":"2026-06-25T16:01:33.061513531+00:00"}
{"details":{"event":"integer","multiplicity":"1","prime_index":42},"event":"mlir_emit","timestamp":"2026-06-25T16:01:33.061599740+00:00"}{"details":{"combined_prime":8,"event":"binary","multiplicity":"8","status":"VALIDATED"},"event":"mlir_emit","timestamp":"2026-06-25T16:01:33.061600297+00:00"}

{"details":{"num_ops":1,"source_size":2},"event":"compilation","timestamp":"2026-06-25T16:01:33.061723561+00:00"}{"details":{"num_ops":1,"source_size":9},"event":"compilation","timestamp":"2026-06-25T16:01:33.061725088+00:00"}

{"details":{"event":"integer","multiplicity":"1","prime_index":42},"event":"mlir_emit","timestamp":"2026-06-25T16:01:33.072290727+00:00"}
{"details":{"num_ops":1,"source_size":2},"event":"compilation","timestamp":"2026-06-25T16:01:33.072415575+00:00"}
{"details":{"event":"atom","multiplicity":"1","prime_index":2},"event":"mlir_emit","timestamp":"2026-06-25T16:22:30.799948128+00:00"}
{"details":{"event":"integer","multiplicity":"1","prime_index":42},"event":"mlir_emit","timestamp":"2026-06-25T16:22:30.800013192+00:00"}
{"details":{"event":"integer","multiplicity":"1","prime_index":42},"event":"mlir_emit","timestamp":"2026-06-25T16:22:30.800023367+00:00"}
{"details":{"event":"integer","multiplicity":"1","prime_index":3},"event":"mlir_emit","timestamp":"2026-06-25T16:22:30.800374474+00:00"}{"details":{"num_ops":1,"source_size":2},"event":"compilation","timestamp":"2026-06-25T16:22:30.800385156+00:00"}
{"details":{"num_ops":1,"source_size":2},"event":"compilation","timestamp":"2026-06-25T16:22:30.800405566+00:00"}

{"details":{"combined_prime":8,"event":"binary","multiplicity":"8","status":"VALIDATED"},"event":"mlir_emit","timestamp":"2026-06-25T16:22:30.800482293+00:00"}
{"details":{"num_ops":1,"source_size":9},"event":"compilation","timestamp":"2026-06-25T16:22:30.800564793+00:00"}
{"details":{"event":"atom","multiplicity":"1","prime_index":2},"event":"mlir_emit","timestamp":"2026-06-25T16:22:36.356997781+00:00"}
{"details":{"event":"integer","multiplicity":"1","prime_index":3},"event":"mlir_emit","timestamp":"2026-06-25T16:22:36.357079468+00:00"}
{"details":{"combined_prime":8,"event":"binary","multiplicity":"8","status":"VALIDATED"},"event":"mlir_emit","timestamp":"2026-06-25T16:22:36.357129511+00:00"}
{"details":{"num_ops":1,"output_length":87,"proof_hash":"no-proof","proof_required":false,"proof_status":"skipped","source_size":9},"event":"compilation","timestamp":"2026-06-25T16:22:36.357188757+00:00"}
{"details":{"event":"atom","multiplicity":"1","prime_index":2},"event":"mlir_emit","timestamp":"2026-06-25T16:22:36.825810028+00:00"}
{"details":{"event":"integer","multiplicity":"1","prime_index":3},"event":"mlir_emit","timestamp":"2026-06-25T16:22:36.825926112+00:00"}
{"details":{"combined_prime":8,"event":"binary","multiplicity":"8","status":"VALIDATED"},"event":"mlir_emit","timestamp":"2026-06-25T16:22:36.826005509+00:00"}
{"details":{"event":"atom","multiplicity":"1","prime_index":2},"event":"mlir_emit","timestamp":"2026-06-25T16:38:27.091134328+00:00"}
{"details":{"event":"integer","multiplicity":"1","prime_index":3},"event":"mlir_emit","timestamp":"2026-06-25T16:38:27.092826667+00:00"}
{"details":{"event":"integer","multiplicity":"1","prime_index":42},"event":"mlir_emit","timestamp":"2026-06-25T16:38:27.092883687+00:00"}{"details":{"combined_prime":8,"event":"binary","multiplicity":"8","status":"VALIDATED"},"event":"mlir_emit","timestamp":"2026-06-25T16:38:27.092902503+00:00"}

{"details":{"num_ops":1,"source_size":9},"event":"compilation","timestamp":"2026-06-25T16:38:27.092979490+00:00"}{"details":{"num_ops":1,"source_size":2},"event":"compilation","timestamp":"2026-06-25T16:38:27.092978965+00:00"}

{"details":{"event":"integer","multiplicity":"1","prime_index":42},"event":"mlir_emit","timestamp":"2026-06-25T16:38:27.092657060+00:00"}
{"details":{"num_ops":1,"source_size":2},"event":"compilation","timestamp":"2026-06-25T16:38:27.093177742+00:00"}
{"details":{"event":"atom","multiplicity":"1","prime_index":2},"event":"mlir_emit","timestamp":"2026-06-25T16:45:56.260292749+00:00"}
{"details":{"event":"integer","multiplicity":"1","prime_index":3},"event":"mlir_emit","timestamp":"2026-06-25T16:45:56.260422893+00:00"}
{"details":{"combined_prime":8,"event":"binary","multiplicity":"8","status":"VALIDATED"},"event":"mlir_emit","timestamp":"2026-06-25T16:45:56.260556971+00:00"}
{"details":{"num_ops":1,"source_size":9},"event":"compilation","timestamp":"2026-06-25T16:45:56.260643498+00:00"}
{"details":{"event":"integer","multiplicity":"1","prime_index":42},"event":"mlir_emit","timestamp":"2026-06-25T16:45:56.260976104+00:00"}
{"details":{"num_ops":1,"source_size":2},"event":"compilation","timestamp":"2026-06-25T16:45:56.261056563+00:00"}
{"details":{"event":"integer","multiplicity":"1","prime_index":42},"event":"mlir_emit","timestamp":"2026-06-25T16:45:56.261309747+00:00"}
{"details":{"num_ops":1,"source_size":2},"event":"compilation","timestamp":"2026-06-25T16:45:56.261384718+00:00"}
{"details":{"event":"integer","multiplicity":"1","prime_index":42},"event":"mlir_emit","timestamp":"2026-06-25T17:07:48.691632075+00:00"}
{"details":{"num_ops":1,"source_size":2},"event":"compilation","timestamp":"2026-06-25T17:07:48.692544182+00:00"}
{"details":{"event":"integer","multiplicity":"1","prime_index":42},"event":"mlir_emit","timestamp":"2026-06-25T17:07:48.692399217+00:00"}
{"details":{"num_ops":1,"source_size":2},"event":"compilation","timestamp":"2026-06-25T17:07:48.692757234+00:00"}
{"details":{"event":"atom","multiplicity":"1","prime_index":2},"event":"mlir_emit","timestamp":"2026-06-25T17:07:48.692399208+00:00"}
{"details":{"event":"integer","multiplicity":"1","prime_index":3},"event":"mlir_emit","timestamp":"2026-06-25T17:07:48.692978678+00:00"}
{"details":{"combined_prime":8,"event":"binary","multiplicity":"8","status":"VALIDATED"},"event":"mlir_emit","timestamp":"2026-06-25T17:07:48.693058450+00:00"}
{"details":{"num_ops":1,"source_size":9},"event":"compilation","timestamp":"2026-06-25T17:07:48.693246705+00:00"}
{"details":{"event":"atom","multiplicity":"1","prime_index":2},"event":"mlir_emit","timestamp":"2026-06-25T17:08:30.268940644+00:00"}
{"details":{"event":"integer","multiplicity":"1","prime_index":3},"event":"mlir_emit","timestamp":"2026-06-25T17:08:30.269551313+00:00"}
{"details":{"combined_prime":8,"event":"binary","multiplicity":"8","status":"VALIDATED"},"event":"mlir_emit","timestamp":"2026-06-25T17:08:30.269650996+00:00"}
{"details":{"num_ops":1,"output_length":87,"proof_hash":"no-proof","proof_required":false,"proof_status":"skipped","source_size":9},"event":"compilation","timestamp":"2026-06-25T17:08:30.269956715+00:00"}
{"details":{"event":"atom","multiplicity":"1","prime_index":2},"event":"mlir_emit","timestamp":"2026-06-25T17:15:35.146663374+00:00"}
{"details":{"event":"integer","multiplicity":"1","prime_index":3},"event":"mlir_emit","timestamp":"2026-06-25T17:15:35.147541311+00:00"}
{"details":{"combined_prime":8,"event":"binary","multiplicity":"8","status":"VALIDATED"},"event":"mlir_emit","timestamp":"2026-06-25T17:15:35.147651141+00:00"}
{"details":{"num_ops":1,"source_size":9},"event":"compilation","timestamp":"2026-06-25T17:15:35.147935022+00:00"}
{"details":{"event":"integer","multiplicity":"1","prime_index":42},"event":"mlir_emit","timestamp":"2026-06-25T17:15:35.148378267+00:00"}
{"details":{"num_ops":1,"source_size":2},"event":"compilation","timestamp":"2026-06-25T17:15:35.148495751+00:00"}
{"details":{"event":"integer","multiplicity":"1","prime_index":42},"event":"mlir_emit","timestamp":"2026-06-25T17:15:35.148799965+00:00"}
{"details":{"num_ops":1,"source_size":2},"event":"compilation","timestamp":"2026-06-25T17:15:35.148891454+00:00"}
